./CBDsim: /lib64/libstdc++.so.6: version `GLIBCXX_3.4.30' not found (required by ./CBDsim)
./CBDsim: /lib64/libstdc++.so.6: version `GLIBCXX_3.4.31' not found (required by ./CBDsim)
./CBDsim: /lib64/libstdc++.so.6: version `GLIBCXX_3.4.31' not found (required by /cvmfs/sft.cern.ch/lcg/views/LCG_105/x86_64-el9-gcc13-opt/lib64/libG4Tree.so)
./CBDsim: /lib64/libstdc++.so.6: version `GLIBCXX_3.4.31' not found (required by /cvmfs/sft.cern.ch/lcg/views/LCG_105/x86_64-el9-gcc13-opt/lib64/libG4FR.so)
./CBDsim: /lib64/libstdc++.so.6: version `GLIBCXX_3.4.31' not found (required by /cvmfs/sft.cern.ch/lcg/views/LCG_105/x86_64-el9-gcc13-opt/lib64/libG4GMocren.so)
./CBDsim: /lib64/libstdc++.so.6: version `GLIBCXX_3.4.31' not found (required by /cvmfs/sft.cern.ch/lcg/views/LCG_105/x86_64-el9-gcc13-opt/lib64/libG4visHepRep.so)
./CBDsim: /lib64/libstdc++.so.6: version `GLIBCXX_3.4.31' not found (required by /cvmfs/sft.cern.ch/lcg/views/LCG_105/x86_64-el9-gcc13-opt/lib64/libG4RayTracer.so)
./CBDsim: /lib64/libstdc++.so.6: version `GLIBCXX_3.4.31' not found (required by /cvmfs/sft.cern.ch/lcg/views/LCG_105/x86_64-el9-gcc13-opt/lib64/libG4VRML.so)
./CBDsim: /lib64/libstdc++.so.6: version `GLIBCXX_3.4.31' not found (required by /cvmfs/sft.cern.ch/lcg/views/LCG_105/x86_64-el9-gcc13-opt/lib64/libG4ToolsSG.so)
./CBDsim: /lib64/libstdc++.so.6: version `GLIBCXX_3.4.30' not found (required by /cvmfs/sft.cern.ch/lcg/views/LCG_105/x86_64-el9-gcc13-opt/lib64/libG4OpenGL.so)
./CBDsim: /lib64/libstdc++.so.6: version `GLIBCXX_3.4.31' not found (required by /cvmfs/sft.cern.ch/lcg/views/LCG_105/x86_64-el9-gcc13-opt/lib64/libG4OpenGL.so)
./CBDsim: /lib64/libstdc++.so.6: version `GLIBCXX_3.4.31' not found (required by /cvmfs/sft.cern.ch/lcg/views/LCG_105/x86_64-el9-gcc13-opt/lib64/libG4visQt3D.so)
./CBDsim: /lib64/libstdc++.so.6: version `GLIBCXX_3.4.31' not found (required by /cvmfs/sft.cern.ch/lcg/views/LCG_105/x86_64-el9-gcc13-opt/lib64/libG4vis_management.so)
./CBDsim: /lib64/libstdc++.so.6: version `GLIBCXX_3.4.31' not found (required by /cvmfs/sft.cern.ch/lcg/views/LCG_105/x86_64-el9-gcc13-opt/lib64/libG4modeling.so)
./CBDsim: /lib64/libstdc++.so.6: version `GLIBCXX_3.4.31' not found (required by /cvmfs/sft.cern.ch/lcg/views/LCG_105/x86_64-el9-gcc13-opt/lib64/libG4interfaces.so)
./CBDsim: /lib64/libstdc++.so.6: version `GLIBCXX_3.4.31' not found (required by /cvmfs/sft.cern.ch/lcg/views/LCG_105/x86_64-el9-gcc13-opt/lib64/libG4mctruth.so)
./CBDsim: /lib64/libstdc++.so.6: version `GLIBCXX_3.4.31' not found (required by /cvmfs/sft.cern.ch/lcg/views/LCG_105/x86_64-el9-gcc13-opt/lib64/libG4geomtext.so)
./CBDsim: /lib64/libstdc++.so.6: version `GLIBCXX_3.4.31' not found (required by /cvmfs/sft.cern.ch/lcg/views/LCG_105/x86_64-el9-gcc13-opt/lib64/libG4gdml.so)
./CBDsim: /lib64/libstdc++.so.6: version `GLIBCXX_3.4.31' not found (required by /cvmfs/sft.cern.ch/lcg/views/LCG_105/x86_64-el9-gcc13-opt/lib64/libG4error_propagation.so)
./CBDsim: /lib64/libstdc++.so.6: version `GLIBCXX_3.4.31' not found (required by /cvmfs/sft.cern.ch/lcg/views/LCG_105/x86_64-el9-gcc13-opt/lib64/libG4physicslists.so)
./CBDsim: /lib64/libstdc++.so.6: version `GLIBCXX_3.4.31' not found (required by /cvmfs/sft.cern.ch/lcg/views/LCG_105/x86_64-el9-gcc13-opt/lib64/libG4run.so)
./CBDsim: /lib64/libstdc++.so.6: version `GLIBCXX_3.4.30' not found (required by /cvmfs/sft.cern.ch/lcg/views/LCG_105/x86_64-el9-gcc13-opt/lib64/libG4run.so)
./CBDsim: /lib64/libstdc++.so.6: version `GLIBCXX_3.4.31' not found (required by /cvmfs/sft.cern.ch/lcg/views/LCG_105/x86_64-el9-gcc13-opt/lib64/libG4event.so)
./CBDsim: /lib64/libstdc++.so.6: version `GLIBCXX_3.4.31' not found (required by /cvmfs/sft.cern.ch/lcg/views/LCG_105/x86_64-el9-gcc13-opt/lib64/libG4tracking.so)
./CBDsim: /lib64/libstdc++.so.6: version `GLIBCXX_3.4.31' not found (required by /cvmfs/sft.cern.ch/lcg/views/LCG_105/x86_64-el9-gcc13-opt/lib64/libG4parmodels.so)
./CBDsim: /lib64/libstdc++.so.6: version `GLIBCXX_3.4.31' not found (required by /cvmfs/sft.cern.ch/lcg/views/LCG_105/x86_64-el9-gcc13-opt/lib64/libG4processes.so)
./CBDsim: /lib64/libstdc++.so.6: version `GLIBCXX_3.4.31' not found (required by /cvmfs/sft.cern.ch/lcg/views/LCG_105/x86_64-el9-gcc13-opt/lib64/libG4digits_hits.so)
./CBDsim: /lib64/libstdc++.so.6: version `GLIBCXX_3.4.31' not found (required by /cvmfs/sft.cern.ch/lcg/views/LCG_105/x86_64-el9-gcc13-opt/lib64/libG4particles.so)
./CBDsim: /lib64/libstdc++.so.6: version `GLIBCXX_3.4.31' not found (required by /cvmfs/sft.cern.ch/lcg/views/LCG_105/x86_64-el9-gcc13-opt/lib64/libG4geometry.so)
./CBDsim: /lib64/libstdc++.so.6: version `GLIBCXX_3.4.31' not found (required by /cvmfs/sft.cern.ch/lcg/views/LCG_105/x86_64-el9-gcc13-opt/lib64/libG4materials.so)
./CBDsim: /lib64/libstdc++.so.6: version `GLIBCXX_3.4.31' not found (required by /cvmfs/sft.cern.ch/lcg/views/LCG_105/x86_64-el9-gcc13-opt/lib64/libG4graphics_reps.so)
./CBDsim: /lib64/libstdc++.so.6: version `GLIBCXX_3.4.31' not found (required by /cvmfs/sft.cern.ch/lcg/views/LCG_105/x86_64-el9-gcc13-opt/lib64/libG4analysis.so)
./CBDsim: /lib64/libstdc++.so.6: version `GLIBCXX_3.4.31' not found (required by /cvmfs/sft.cern.ch/lcg/views/LCG_105/x86_64-el9-gcc13-opt/lib64/libG4intercoms.so)
./CBDsim: /lib64/libstdc++.so.6: version `GLIBCXX_3.4.31' not found (required by /cvmfs/sft.cern.ch/lcg/views/LCG_105/x86_64-el9-gcc13-opt/lib64/libG4global.so)
./CBDsim: /lib64/libstdc++.so.6: version `GLIBCXX_3.4.30' not found (required by /cvmfs/sft.cern.ch/lcg/views/LCG_105/x86_64-el9-gcc13-opt/lib64/libG4global.so)
./CBDsim: /lib64/libstdc++.so.6: version `GLIBCXX_3.4.31' not found (required by /cvmfs/sft.cern.ch/lcg/views/LCG_105/x86_64-el9-gcc13-opt/lib64/libG4ptl.so.2)
./CBDsim: /lib64/libstdc++.so.6: version `GLIBCXX_3.4.30' not found (required by /cvmfs/sft.cern.ch/lcg/views/LCG_105/x86_64-el9-gcc13-opt/lib64/libG4ptl.so.2)
./CBDsim: /lib64/libstdc++.so.6: version `GLIBCXX_3.4.31' not found (required by /cvmfs/sft.cern.ch/lcg/views/LCG_105/x86_64-el9-gcc13-opt/lib/libCLHEP-2.4.7.1.so)
./CBDsim: /lib64/libstdc++.so.6: version `GLIBCXX_3.4.31' not found (required by /cvmfs/sft.cern.ch/lcg/views/LCG_105/x86_64-el9-gcc13-opt/lib/libCore.so)
./CBDsim: /lib64/libstdc++.so.6: version `GLIBCXX_3.4.31' not found (required by /cvmfs/sft.cern.ch/lcg/views/LCG_105/x86_64-el9-gcc13-opt/lib/libRIO.so)
./CBDsim: /lib64/libstdc++.so.6: version `GLIBCXX_3.4.30' not found (required by /cvmfs/sft.cern.ch/lcg/views/LCG_105/x86_64-el9-gcc13-opt/lib/libRIO.so)
./CBDsim: /lib64/libstdc++.so.6: version `GLIBCXX_3.4.31' not found (required by /cvmfs/sft.cern.ch/lcg/views/LCG_105/x86_64-el9-gcc13-opt/lib/libHist.so)
./CBDsim: /lib64/libstdc++.so.6: version `GLIBCXX_3.4.31' not found (required by /cvmfs/sft.cern.ch/lcg/views/LCG_105/x86_64-el9-gcc13-opt/lib/libGraf.so)
./CBDsim: /lib64/libstdc++.so.6: version `GLIBCXX_3.4.31' not found (required by /cvmfs/sft.cern.ch/lcg/views/LCG_105/x86_64-el9-gcc13-opt/lib/libROOTDataFrame.so)
./CBDsim: /lib64/libstdc++.so.6: version `GLIBCXX_3.4.31' not found (required by /cvmfs/sft.cern.ch/lcg/views/LCG_105/x86_64-el9-gcc13-opt/lib/libTree.so)
./CBDsim: /lib64/libstdc++.so.6: version `GLIBCXX_3.4.31' not found (required by /cvmfs/sft.cern.ch/lcg/views/LCG_105/x86_64-el9-gcc13-opt/lib/libTreePlayer.so)
./CBDsim: /lib64/libstdc++.so.6: version `GLIBCXX_3.4.31' not found (required by /cvmfs/sft.cern.ch/lcg/views/LCG_105/x86_64-el9-gcc13-opt/lib/libPostscript.so)
./CBDsim: /lib64/libstdc++.so.6: version `GLIBCXX_3.4.31' not found (required by /cvmfs/sft.cern.ch/lcg/views/LCG_105/x86_64-el9-gcc13-opt/lib/libMathCore.so)
./CBDsim: /lib64/libstdc++.so.6: version `GLIBCXX_3.4.30' not found (required by /cvmfs/sft.cern.ch/lcg/views/LCG_105/x86_64-el9-gcc13-opt/lib/libThread.so)
./CBDsim: /lib64/libstdc++.so.6: version `GLIBCXX_3.4.31' not found (required by /cvmfs/sft.cern.ch/lcg/views/LCG_105/x86_64-el9-gcc13-opt/lib/libMultiProc.so)
./CBDsim: /lib64/libstdc++.so.6: version `GLIBCXX_3.4.31' not found (required by /cvmfs/sft.cern.ch/lcg/views/LCG_105/x86_64-el9-gcc13-opt/lib/libROOTVecOps.so)
./CBDsim: /lib64/libstdc++.so.6: version `GLIBCXX_3.4.31' not found (required by /cvmfs/sft.cern.ch/lcg/views/LCG_105/x86_64-el9-gcc13-opt/lib/libROOTNTuple.so)
./CBDsim: /lib64/libstdc++.so.6: version `GLIBCXX_3.4.30' not found (required by /cvmfs/sft.cern.ch/lcg/views/LCG_105/x86_64-el9-gcc13-opt/lib/libROOTNTuple.so)
./CBDsim: /lib64/libstdc++.so.6: version `GLIBCXX_3.4.31' not found (required by /cvmfs/sft.cern.ch/lcg/views/LCG_105/x86_64-el9-gcc13-opt/lib/libGenVector.so)
